ksu@ksu-VirtualBox:~$ gedit 1122.c
ksu@ksu-VirtualBox:~$ ls
1122.c      Downloads            Pictures            WebGoat
123.c       examples.desktop     Public              WebGoatStart.sh
123.i       juice-shop           Templates           WebGoatStop.sh
CTF_ex2018  juice-shop-Start.sh  uncompyle2
Desktop     juice-shop-Stop.sh   UserDatabase.mv.db
Documents   Music                Videos

bash: return: can only `return' from a function or sourced script
ksu@ksu-VirtualBox:~$ }
bash: syntax error near unexpected token `}'
ksu@ksu-VirtualBox:~$ gcc -S -masm=intel 1122.c -o 1122 intel.s
gcc: error: intel.s: No such file or directory
ksu@ksu-VirtualBox:~$ gcc -S -masm=intel 1122.c -o 1122_intel.s
ksu@ksu-VirtualBox:~$ gedit 1122_intel.s
ÔºÅ[image](https://github.com/CRAZYDIAMOND610368/610368/blob/master/5.PNG)
